============================================================
QUADRO DE HORARIO -- LINHAS ATIVAS (OSO 08/07/2026)
============================================================

Certifique que no Matrix esta marcado SOMENTE:
  [ ] Itinerario por Via  (desmarcado)
  [x] Quadro Horario

Total ativas : 102
Feitas       : 0
Faltam       : 102
Pasta        : I:\MicroSaaS-Linhas-DMTT\data\pdf-horario

Nao mexa no mouse/teclado!

Iniciar? (S/N): 
[1/102]

==================================================
Linha: 0001-m
  1. Digitando numero
  2. Imprimir
  3. Exportar
  4. OK formato
  5. OK paginas
  6. Nome arquivo
  7. Salvar
  8. Fechar visualizacao
  OK: horario_0001-m_20260713.pdf

[2/102]

==================================================
Linha: 0002-m
  1. Digitando numero
  2. Imprimir
  3. Exportar
  4. OK formato
  5. OK paginas
  6. Nome arquivo
  7. Salvar
  8. Fechar visualizacao
  OK: horario_0002-m_20260713.pdf

[3/102]

==================================================
Linha: 0003-m
  1. Digitando numero
  2. Imprimir
  3. Exportar
  4. OK formato
  5. OK paginas
  6. Nome arquivo
  7. Salvar
  8. Fechar visualizacao
  OK: horario_0003-m_20260713.pdf

[4/102]

==================================================
Linha: 0004-m
  1. Digitando numero
  2. Imprimir
  3. Exportar
  4. OK formato
  5. OK paginas
  6. Nome arquivo
  7. Salvar
  8. Fechar visualizacao
  OK: horario_0004-m_20260713.pdf

[5/102]

==================================================
Linha: 0005-m
  1. Digitando numero
  2. Imprimir
  3. Exportar
  4. OK formato
  5. OK paginas
  6. Nome arquivo
  7. Salvar
  8. Fechar visualizacao
  OK: horario_0005-m_20260713.pdf

[6/102]

==================================================
Linha: 0006-m
  1. Digitando numero
  2. Imprimir
  3. Exportar
  4. OK formato
  5. OK paginas
  6. Nome arquivo
  7. Salvar
  8. Fechar visualizacao
  OK: horario_0006-m_20260713.pdf

[7/102]

==================================================
Linha: 0012
  1. Digitando numero
  2. Imprimir
  3. Exportar
  4. OK formato
  5. OK paginas
  6. Nome arquivo
  7. Salvar
  8. Fechar visualizacao
  OK: horario_0012_20260713.pdf

[8/102]

==================================================
Linha: 0014
  1. Digitando numero
  2. Imprimir
  3. Exportar
  4. OK formato
  5. OK paginas
  6. Nome arquivo
  7. Salvar
  8. Fechar visualizacao
  OK: horario_0014_20260713.pdf

[9/102]

==================================================
Linha: 0027
  1. Digitando numero
  2. Imprimir
  3. Exportar
  4. OK formato
  5. OK paginas
  6. Nome arquivo
  7. Salvar
  8. Fechar visualizacao
  OK: horario_0027_20260713.pdf

[10/102]

==================================================
Linha: 0033
  1. Digitando numero
  2. Imprimir
  3. Exportar
  4. OK formato
  5. OK paginas
  6. Nome arquivo
  7. Salvar
  8. Fechar visualizacao
  OK: horario_0033_20260713.pdf

[11/102]

==================================================
Linha: 0036
  1. Digitando numero
  2. Imprimir
  3. Exportar
  4. OK formato
  5. OK paginas
  6. Nome arquivo
  7. Salvar
  8. Fechar visualizacao
  OK: horario_0036_20260713.pdf

[12/102]

==================================================
Linha: 0037
  1. Digitando numero
  2. Imprimir
  3. Exportar
  4. OK formato
  5. OK paginas
  6. Nome arquivo
  7. Salvar
  8. Fechar visualizacao
  OK: horario_0037_20260713.pdf

[13/102]

==================================================
Linha: 0039
  1. Digitando numero
  2. Imprimir
  3. Exportar
  4. OK formato
  5. OK paginas
  6. Nome arquivo
  7. Salvar
  8. Fechar visualizacao
  OK: horario_0039_20260713.pdf

[14/102]

==================================================
Linha: 0041
  1. Digitando numero
  2. Imprimir
  3. Exportar
  4. OK formato
  5. OK paginas
  6. Nome arquivo
  7. Salvar
  8. Fechar visualizacao
  OK: horario_0041_20260713.pdf

[15/102]

==================================================
Linha: 0042
  1. Digitando numero
  2. Imprimir
  3. Exportar
  4. OK formato
  5. OK paginas
  6. Nome arquivo
  7. Salvar
  8. Fechar visualizacao
  OK: horario_0042_20260713.pdf

[16/102]

==================================================
Linha: 0046
  1. Digitando numero
  2. Imprimir
  3. Exportar
  4. OK formato
  5. OK paginas
  6. Nome arquivo
  7. Salvar
  8. Fechar visualizacao
  OK: horario_0046_20260713.pdf

[17/102]

==================================================
Linha: 0048
  1. Digitando numero
  2. Imprimir
  3. Exportar
  4. OK formato
  5. OK paginas
  6. Nome arquivo
  7. Salvar
  8. Fechar visualizacao
  OK: horario_0048_20260713.pdf

[18/102]

==================================================
Linha: 0051
  1. Digitando numero
  2. Imprimir
  3. Exportar
  4. OK formato
  5. OK paginas
  6. Nome arquivo
  7. Salvar
  8. Fechar visualizacao
  OK: horario_0051_20260713.pdf

[19/102]

==================================================
Linha: 0052
  1. Digitando numero
  2. Imprimir
  3. Exportar
  4. OK formato
  5. OK paginas
  6. Nome arquivo
  7. Salvar
  8. Fechar visualizacao
  OK: horario_0052_20260713.pdf

[20/102]

==================================================
Linha: 0053
  1. Digitando numero
  2. Imprimir
  3. Exportar
  4. OK formato
  5. OK paginas
  6. Nome arquivo
  7. Salvar
  8. Fechar visualizacao
  OK: horario_0053_20260713.pdf

[21/102]

==================================================
Linha: 0056
  1. Digitando numero
  2. Imprimir
  3. Exportar
  4. OK formato
  5. OK paginas
  6. Nome arquivo
  7. Salvar
  8. Fechar visualizacao
  OK: horario_0056_20260713.pdf

[22/102]

==================================================
Linha: 0057
  1. Digitando numero
  2. Imprimir
  3. Exportar
  4. OK formato
  5. OK paginas
  6. Nome arquivo
  7. Salvar
  8. Fechar visualizacao
  OK: horario_0057_20260713.pdf

[23/102]

==================================================
Linha: 0058
  1. Digitando numero
  2. Imprimir
  3. Exportar
  4. OK formato
  5. OK paginas
  6. Nome arquivo
  7. Salvar
  8. Fechar visualizacao
  OK: horario_0058_20260713.pdf

[24/102]

==================================================
Linha: 0065
  1. Digitando numero
  2. Imprimir
  3. Exportar
  4. OK formato
  5. OK paginas
  6. Nome arquivo
  7. Salvar
  8. Fechar visualizacao
  OK: horario_0065_20260713.pdf

[25/102]

==================================================
Linha: 0068
  1. Digitando numero
  2. Imprimir
  3. Exportar
  4. OK formato
  5. OK paginas
  6. Nome arquivo
  7. Salvar
  8. Fechar visualizacao
  OK: horario_0068_20260713.pdf

[26/102]

==================================================
Linha: 0069
  1. Digitando numero
  2. Imprimir
  3. Exportar
  4. OK formato
  5. OK paginas
  6. Nome arquivo
  7. Salvar
  8. Fechar visualizacao
  OK: horario_0069_20260713.pdf

[27/102]

==================================================
Linha: 0101
  1. Digitando numero
  2. Imprimir
  3. Exportar
  4. OK formato
  5. OK paginas
  6. Nome arquivo
  7. Salvar
  8. Fechar visualizacao
  OK: horario_0101_20260713.pdf

[28/102]

==================================================
Linha: 0102
  1. Digitando numero
  2. Imprimir
  3. Exportar
  4. OK formato
  5. OK paginas
  6. Nome arquivo
  7. Salvar
  8. Fechar visualizacao
  OK: horario_0102_20260713.pdf

[29/102]

==================================================
Linha: 0104
  1. Digitando numero
  2. Imprimir
  3. Exportar
  4. OK formato
  5. OK paginas
  6. Nome arquivo
  7. Salvar
  8. Fechar visualizacao
  OK: horario_0104_20260713.pdf

[30/102]

==================================================
Linha: 0105
  1. Digitando numero
  2. Imprimir
  3. Exportar
  4. OK formato
  5. OK paginas
  6. Nome arquivo
  7. Salvar
  8. Fechar visualizacao
  OK: horario_0105_20260713.pdf

[31/102]

==================================================
Linha: 0108
  1. Digitando numero
  2. Imprimir
  3. Exportar
  4. OK formato
  5. OK paginas
  6. Nome arquivo
  7. Salvar
  8. Fechar visualizacao
  OK: horario_0108_20260713.pdf

[32/102]

==================================================
Linha: 0109
  1. Digitando numero
  2. Imprimir
  3. Exportar
  4. OK formato
  5. OK paginas
  6. Nome arquivo
  7. Salvar
  8. Fechar visualizacao
  OK: horario_0109_20260713.pdf

[33/102]

==================================================
Linha: 0110
  1. Digitando numero
  2. Imprimir
  3. Exportar
  4. OK formato
  5. OK paginas
  6. Nome arquivo
  7. Salvar
  8. Fechar visualizacao
  OK: horario_0110_20260713.pdf

[34/102]

==================================================
Linha: 0112
  1. Digitando numero
  2. Imprimir
  3. Exportar
  4. OK formato
  5. OK paginas
  6. Nome arquivo
  7. Salvar
  8. Fechar visualizacao
  OK: horario_0112_20260713.pdf

[35/102]

==================================================
Linha: 0113
  1. Digitando numero
  2. Imprimir
  3. Exportar
  4. OK formato
  5. OK paginas
  6. Nome arquivo
  7. Salvar
  8. Fechar visualizacao
  OK: horario_0113_20260713.pdf

[36/102]

==================================================
Linha: 0114
  1. Digitando numero
  2. Imprimir
  3. Exportar
  4. OK formato
  5. OK paginas
  6. Nome arquivo
  7. Salvar
  8. Fechar visualizacao
  OK: horario_0114_20260713.pdf

[37/102]

==================================================
Linha: 0115
  1. Digitando numero
  2. Imprimir
  3. Exportar
  4. OK formato
  5. OK paginas
  6. Nome arquivo
  7. Salvar
  8. Fechar visualizacao
  OK: horario_0115_20260713.pdf

[38/102]

==================================================
Linha: 0116
  1. Digitando numero
  2. Imprimir
  3. Exportar
  4. OK formato
  5. OK paginas
  6. Nome arquivo
  7. Salvar
  8. Fechar visualizacao
  OK: horario_0116_20260713.pdf

[39/102]

==================================================
Linha: 0117
  1. Digitando numero
  2. Imprimir
  3. Exportar
  4. OK formato
  5. OK paginas
  6. Nome arquivo
  7. Salvar
  8. Fechar visualizacao
  OK: horario_0117_20260713.pdf

[40/102]

==================================================
Linha: 0209
  1. Digitando numero
  2. Imprimir
  3. Exportar
  4. OK formato
  5. OK paginas
  6. Nome arquivo
  7. Salvar
  8. Fechar visualizacao
  OK: horario_0209_20260713.pdf

[41/102]

==================================================
Linha: 0214
  1. Digitando numero
  2. Imprimir
  3. Exportar
  4. OK formato
  5. OK paginas
  6. Nome arquivo
  7. Salvar
  8. Fechar visualizacao
  OK: horario_0214_20260713.pdf

[42/102]

==================================================
Linha: 0217
  1. Digitando numero
  2. Imprimir
  3. Exportar
  4. OK formato
  5. OK paginas
  6. Nome arquivo
  7. Salvar
  8. Fechar visualizacao
  OK: horario_0217_20260713.pdf

[43/102]

==================================================
Linha: 0301
  1. Digitando numero
  2. Imprimir
  3. Exportar
  4. OK formato
  5. OK paginas
  6. Nome arquivo
  7. Salvar
  8. Fechar visualizacao
  OK: horario_0301_20260713.pdf

[44/102]

==================================================
Linha: 0401
  1. Digitando numero
  2. Imprimir
  3. Exportar
  4. OK formato
  5. OK paginas
  6. Nome arquivo
  7. Salvar
  8. Fechar visualizacao
  OK: horario_0401_20260713.pdf

[45/102]

==================================================
Linha: 0402
  1. Digitando numero
  2. Imprimir
  3. Exportar
  4. OK formato
  5. OK paginas
  6. Nome arquivo
  7. Salvar
  8. Fechar visualizacao
  OK: horario_0402_20260713.pdf

[46/102]

==================================================
Linha: 0403
  1. Digitando numero
  2. Imprimir
  3. Exportar
  4. OK formato
  5. OK paginas
  6. Nome arquivo
  7. Salvar
  8. Fechar visualizacao
  OK: horario_0403_20260713.pdf

[47/102]

==================================================
Linha: 0404
  1. Digitando numero
  2. Imprimir
  3. Exportar
  4. OK formato
  5. OK paginas
  6. Nome arquivo
  7. Salvar
  8. Fechar visualizacao
  OK: horario_0404_20260713.pdf

[48/102]

==================================================
Linha: 0501
  1. Digitando numero
  2. Imprimir
  3. Exportar
  4. OK formato
  5. OK paginas
  6. Nome arquivo
  7. Salvar
  8. Fechar visualizacao
  OK: horario_0501_20260713.pdf

[49/102]

==================================================
Linha: 0502
  1. Digitando numero
  2. Imprimir
  3. Exportar
  4. OK formato
  5. OK paginas
  6. Nome arquivo
  7. Salvar
  8. Fechar visualizacao
  OK: horario_0502_20260713.pdf

[50/102]

==================================================
Linha: 0504
  1. Digitando numero
  2. Imprimir
  3. Exportar
  4. OK formato
  5. OK paginas
  6. Nome arquivo
  7. Salvar
  8. Fechar visualizacao
  OK: horario_0504_20260713.pdf

[51/102]

==================================================
Linha: 0601
  1. Digitando numero
  2. Imprimir
  3. Exportar
  4. OK formato
  5. OK paginas
  6. Nome arquivo
  7. Salvar
  8. Fechar visualizacao
  OK: horario_0601_20260713.pdf

[52/102]

==================================================
Linha: 0602
  1. Digitando numero
  2. Imprimir
  3. Exportar
  4. OK formato
  5. OK paginas
  6. Nome arquivo
  7. Salvar
  8. Fechar visualizacao
  OK: horario_0602_20260713.pdf

[53/102]

==================================================
Linha: 0603
  1. Digitando numero
  2. Imprimir
  3. Exportar
  4. OK formato
  5. OK paginas
  6. Nome arquivo
  7. Salvar
  8. Fechar visualizacao
  OK: horario_0603_20260713.pdf

[54/102]

==================================================
Linha: 0604
  1. Digitando numero
  2. Imprimir
  3. Exportar
  4. OK formato
  5. OK paginas
  6. Nome arquivo
  7. Salvar
  8. Fechar visualizacao
  OK: horario_0604_20260713.pdf

[55/102]

==================================================
Linha: 0606
  1. Digitando numero
  2. Imprimir
  3. Exportar
  4. OK formato
  5. OK paginas
  6. Nome arquivo
  7. Salvar
  8. Fechar visualizacao
  OK: horario_0606_20260713.pdf

[56/102]

==================================================
Linha: 0607
  1. Digitando numero
  2. Imprimir
  3. Exportar
  4. OK formato
  5. OK paginas
  6. Nome arquivo
  7. Salvar
  8. Fechar visualizacao
  OK: horario_0607_20260713.pdf

[57/102]

==================================================
Linha: 0610
  1. Digitando numero
  2. Imprimir
  3. Exportar
  4. OK formato
  5. OK paginas
  6. Nome arquivo
  7. Salvar
  8. Fechar visualizacao
  OK: horario_0610_20260713.pdf

[58/102]

==================================================
Linha: 0612
  1. Digitando numero
  2. Imprimir
  3. Exportar
  4. OK formato
  5. OK paginas
  6. Nome arquivo
  7. Salvar
  8. Fechar visualizacao
  OK: horario_0612_20260713.pdf

[59/102]

==================================================
Linha: 0612-a
  1. Digitando numero
  2. Imprimir
  3. Exportar
  4. OK formato
  5. OK paginas
  6. Nome arquivo
  7. Salvar
  8. Fechar visualizacao
  OK: horario_0612-a_20260713.pdf

[60/102]

==================================================
Linha: 0615
  1. Digitando numero
  2. Imprimir
  3. Exportar
  4. OK formato
  5. OK paginas
  6. Nome arquivo
  7. Salvar
  8. Fechar visualizacao
  OK: horario_0615_20260713.pdf

[61/102]

==================================================
Linha: 0617
  1. Digitando numero
  2. Imprimir
  3. Exportar
  4. OK formato
  5. OK paginas
  6. Nome arquivo
  7. Salvar
  8. Fechar visualizacao
  OK: horario_0617_20260713.pdf

[62/102]

==================================================
Linha: 0700
  1. Digitando numero
  2. Imprimir
  3. Exportar
  4. OK formato
  5. OK paginas
  6. Nome arquivo
  7. Salvar
  8. Fechar visualizacao
  OK: horario_0700_20260713.pdf

[63/102]

==================================================
Linha: 0703
  1. Digitando numero
  2. Imprimir
  3. Exportar
  4. OK formato
  5. OK paginas
  6. Nome arquivo
  7. Salvar
  8. Fechar visualizacao
  OK: horario_0703_20260713.pdf

[64/102]

==================================================
Linha: 0704
  1. Digitando numero
  2. Imprimir
  3. Exportar
  4. OK formato
  5. OK paginas
  6. Nome arquivo
  7. Salvar
  8. Fechar visualizacao
  OK: horario_0704_20260713.pdf

[65/102]

==================================================
Linha: 0706
  1. Digitando numero
  2. Imprimir
  3. Exportar
  4. OK formato
  5. OK paginas
  6. Nome arquivo
  7. Salvar
  8. Fechar visualizacao
  OK: horario_0706_20260713.pdf

[66/102]

==================================================
Linha: 0707
  1. Digitando numero
  2. Imprimir
  3. Exportar
  4. OK formato
  5. OK paginas
  6. Nome arquivo
  7. Salvar
  8. Fechar visualizacao
  OK: horario_0707_20260713.pdf

[67/102]

==================================================
Linha: 0708
  1. Digitando numero
  2. Imprimir
  3. Exportar
  4. OK formato
  5. OK paginas
  6. Nome arquivo
  7. Salvar
  8. Fechar visualizacao
  OK: horario_0708_20260713.pdf

[68/102]

==================================================
Linha: 0709
  1. Digitando numero
  2. Imprimir
  3. Exportar
  4. OK formato
  5. OK paginas
  6. Nome arquivo
  7. Salvar
  8. Fechar visualizacao
  OK: horario_0709_20260713.pdf

[69/102]

==================================================
Linha: 0710
  1. Digitando numero
  2. Imprimir
  3. Exportar
  4. OK formato
  5. OK paginas
  6. Nome arquivo
  7. Salvar
  8. Fechar visualizacao
  OK: horario_0710_20260713.pdf

[70/102]

==================================================
Linha: 0712
  1. Digitando numero
  2. Imprimir
  3. Exportar
  4. OK formato
  5. OK paginas
  6. Nome arquivo
  7. Salvar
  8. Fechar visualizacao
  OK: horario_0712_20260713.pdf

[71/102]

==================================================
Linha: 0714
  1. Digitando numero
  2. Imprimir
  3. Exportar
  4. OK formato
  5. OK paginas
  6. Nome arquivo
  7. Salvar
  8. Fechar visualizacao
  OK: horario_0714_20260713.pdf

[72/102]

==================================================
Linha: 0716
  1. Digitando numero
  2. Imprimir
  3. Exportar
  4. OK formato
  5. OK paginas
  6. Nome arquivo
  7. Salvar
  8. Fechar visualizacao
  OK: horario_0716_20260713.pdf

[73/102]

==================================================
Linha: 0719
  1. Digitando numero
  2. Imprimir
  3. Exportar
  4. OK formato
  5. OK paginas
  6. Nome arquivo
  7. Salvar
  8. Fechar visualizacao
  OK: horario_0719_20260713.pdf

[74/102]

==================================================
Linha: 0720
  1. Digitando numero
  2. Imprimir
  3. Exportar
  4. OK formato
  5. OK paginas
  6. Nome arquivo
  7. Salvar
  8. Fechar visualizacao
  OK: horario_0720_20260713.pdf

[75/102]

==================================================
Linha: 0723
  1. Digitando numero
  2. Imprimir
  3. Exportar
  4. OK formato
  5. OK paginas
  6. Nome arquivo
  7. Salvar
  8. Fechar visualizacao
  OK: horario_0723_20260713.pdf

[76/102]

==================================================
Linha: 0727
  1. Digitando numero
  2. Imprimir
  3. Exportar
  4. OK formato
  5. OK paginas
  6. Nome arquivo
  7. Salvar
  8. Fechar visualizacao
  OK: horario_0727_20260713.pdf

[77/102]

==================================================
Linha: 0802
  1. Digitando numero
  2. Imprimir
  3. Exportar
  4. OK formato
  5. OK paginas
  6. Nome arquivo
  7. Salvar
  8. Fechar visualizacao
  OK: horario_0802_20260713.pdf

[78/102]

==================================================
Linha: 0804
  1. Digitando numero
  2. Imprimir
  3. Exportar
  4. OK formato
  5. OK paginas
  6. Nome arquivo
  7. Salvar
  8. Fechar visualizacao
  OK: horario_0804_20260713.pdf

[79/102]

==================================================
Linha: 0805
  1. Digitando numero
  2. Imprimir
  3. Exportar
  4. OK formato
  5. OK paginas
  6. Nome arquivo
  7. Salvar
  8. Fechar visualizacao
  OK: horario_0805_20260713.pdf

[80/102]

==================================================
Linha: 0807
  1. Digitando numero
  2. Imprimir
  3. Exportar
  4. OK formato
  5. OK paginas
  6. Nome arquivo
  7. Salvar
  8. Fechar visualizacao
  OK: horario_0807_20260713.pdf

[81/102]

==================================================
Linha: 0809
  1. Digitando numero
  2. Imprimir
  3. Exportar
  4. OK formato
  5. OK paginas
  6. Nome arquivo
  7. Salvar
  8. Fechar visualizacao
  OK: horario_0809_20260713.pdf

[82/102]

==================================================
Linha: 0812
  1. Digitando numero
  2. Imprimir
  3. Exportar
  4. OK formato
  5. OK paginas
  6. Nome arquivo
  7. Salvar
  8. Fechar visualizacao
  OK: horario_0812_20260713.pdf

[83/102]

==================================================
Linha: 0900
  1. Digitando numero
  2. Imprimir
  3. Exportar
  4. OK formato
  5. OK paginas
  6. Nome arquivo
  7. Salvar
  8. Fechar visualizacao
  OK: horario_0900_20260713.pdf

[84/102]

==================================================
Linha: 0901
  1. Digitando numero
  2. Imprimir
  3. Exportar
  4. OK formato
  5. OK paginas
  6. Nome arquivo
  7. Salvar
  8. Fechar visualizacao
  OK: horario_0901_20260713.pdf

[85/102]

==================================================
Linha: 0903
  1. Digitando numero
  2. Imprimir
  3. Exportar
  4. OK formato
  5. OK paginas
  6. Nome arquivo
  7. Salvar
  8. Fechar visualizacao
  OK: horario_0903_20260713.pdf

[86/102]

==================================================
Linha: 0999
  1. Digitando numero
  2. Imprimir
  3. Exportar
  4. OK formato
  5. OK paginas
  6. Nome arquivo
  7. Salvar
  8. Fechar visualizacao
  OK: horario_0999_20260713.pdf

[87/102]

==================================================
Linha: 1000-a
  1. Digitando numero
  2. Imprimir
  3. Exportar
  4. OK formato
  5. OK paginas
  6. Nome arquivo
  7. Salvar
  8. Fechar visualizacao
  OK: horario_1000-a_20260713.pdf

[88/102]

==================================================
Linha: 1000-b
  1. Digitando numero
  2. Imprimir
  3. Exportar
  4. OK formato
  5. OK paginas
  6. Nome arquivo
  7. Salvar
  8. Fechar visualizacao
  OK: horario_1000-b_20260713.pdf

[89/102]

==================================================
Linha: 1018
  1. Digitando numero
  2. Imprimir
  3. Exportar
  4. OK formato
  5. OK paginas
  6. Nome arquivo
  7. Salvar
  8. Fechar visualizacao
  OK: horario_1018_20260713.pdf

[90/102]

==================================================
Linha: 1019
  1. Digitando numero
  2. Imprimir
  3. Exportar
  4. OK formato
  5. OK paginas
  6. Nome arquivo
  7. Salvar
  8. Fechar visualizacao
  OK: horario_1019_20260713.pdf

[91/102]

==================================================
Linha: 1020
  1. Digitando numero
  2. Imprimir
  3. Exportar
  4. OK formato
  5. OK paginas
  6. Nome arquivo
  7. Salvar
  8. Fechar visualizacao
  OK: horario_1020_20260713.pdf

[92/102]

==================================================
Linha: 1022
  1. Digitando numero
  2. Imprimir
  3. Exportar
  4. OK formato
  5. OK paginas
  6. Nome arquivo
  7. Salvar
  8. Fechar visualizacao
  OK: horario_1022_20260713.pdf

[93/102]

==================================================
Linha: 1023
  1. Digitando numero
  2. Imprimir
  3. Exportar
  4. OK formato
  5. OK paginas
  6. Nome arquivo
  7. Salvar
  8. Fechar visualizacao
  OK: horario_1023_20260713.pdf

[94/102]

==================================================
Linha: 1024
  1. Digitando numero
  2. Imprimir
  3. Exportar
  4. OK formato
  5. OK paginas
  6. Nome arquivo
  7. Salvar
  8. Fechar visualizacao
  OK: horario_1024_20260713.pdf

[95/102]

==================================================
Linha: 2058
  1. Digitando numero
  2. Imprimir
  3. Exportar
  4. OK formato
  5. OK paginas
  6. Nome arquivo
  7. Salvar
  8. Fechar visualizacao
  OK: horario_2058_20260713.pdf

[96/102]

==================================================
Linha: 4000
  1. Digitando numero
  2. Imprimir
  3. Exportar
  4. OK formato
  5. OK paginas
  6. Nome arquivo
  7. Salvar
  8. Fechar visualizacao
  OK: horario_4000_20260713.pdf

[97/102]

==================================================
Linha: 4003
  1. Digitando numero
  2. Imprimir
  3. Exportar
  4. OK formato
  5. OK paginas
  6. Nome arquivo
  7. Salvar
  8. Fechar visualizacao
  OK: horario_4003_20260713.pdf

[98/102]

==================================================
Linha: 4006
  1. Digitando numero
  2. Imprimir
  3. Exportar
  4. OK formato
  5. OK paginas
  6. Nome arquivo
  7. Salvar
  8. Fechar visualizacao
  OK: horario_4006_20260713.pdf

[99/102]

==================================================
Linha: 4011
  1. Digitando numero
  2. Imprimir
  3. Exportar
  4. OK formato
  5. OK paginas
  6. Nome arquivo
  7. Salvar
  8. Fechar visualizacao
  OK: horario_4011_20260713.pdf

[100/102]

==================================================
Linha: 4013
  1. Digitando numero
  2. Imprimir
  3. Exportar
  4. OK formato
  5. OK paginas
  6. Nome arquivo
  7. Salvar
  8. Fechar visualizacao
  OK: horario_4013_20260713.pdf

[101/102]

==================================================
Linha: 4014
  1. Digitando numero
  2. Imprimir
  3. Exportar
  4. OK formato
  5. OK paginas
  6. Nome arquivo
  7. Salvar
  8. Fechar visualizacao
  OK: horario_4014_20260713.pdf

[102/102]

==================================================
Linha: 4015
  1. Digitando numero
  2. Imprimir
  3. Exportar
  4. OK formato
  5. OK paginas
  6. Nome arquivo
  7. Salvar
  8. Fechar visualizacao
  OK: horario_4015_20260713.pdf

Concluido: 102 OK | 0 erros
PDFs: 204
